16:31:15 **** Auto Build of configuration Debug for project drumstick ****
make all 
'Building file: ../src/main.c'
'Invoking: MicroBlaze gcc compiler'
mb-gcc -Wall -O0 -g3 -c -fmessage-length=0 -MT"src/main.o" -I../../drumstick_bsp/microblaze_0/include -mlittle-endian -mcpu=v10.0 -mxl-soft-mul -Wl,--no-relax -ffunction-sections -fdata-sections -MMD -MP -MF"src/main.d" -MT"src/main.o" -o "src/main.o" "../src/main.c"
../src/main.c: In function 'main':
../src/main.c:99:4: warning: implicit declaration of function 'NavDemo_Cleanup' [-Wimplicit-function-declaration]
    NavDemo_Cleanup();
    ^~~~~~~~~~~~~~~
'Finished building: ../src/main.c'
' '
'Building target: drumstick.elf'
'Invoking: MicroBlaze gcc linker'
mb-gcc -Wl,-T -Wl,../src/lscript.ld -L../../drumstick_bsp/microblaze_0/lib -mlittle-endian -mcpu=v10.0 -mxl-soft-mul -Wl,--no-relax -Wl,--gc-sections -o "drumstick.elf"  ./src/main.o   -Wl,--start-group,-lxil,-lgcc,-lc,--end-group
'Finished building target: drumstick.elf'
' '
'Invoking: MicroBlaze Print Size'
mb-size drumstick.elf  |tee "drumstick.elf.size"
   text	   data	    bss	    dec	    hex	filename
   8116	    332	   3296	  11744	   2de0	drumstick.elf
'Finished building: drumstick.elf.size'
' '

16:31:17 Build Finished (took 1s.698ms)

