#-----------------------------------------------------------
# Vivado v2018.1 (64-bit)
# SW Build 2188600 on Wed Apr  4 18:40:38 MDT 2018
# IP Build 2185939 on Wed Apr  4 20:55:05 MDT 2018
# Start of session at: Mon Mar  9 15:04:41 2020
# Process ID: 4532
# Current directory: C:/ECE532/ECE532_Group5/bluetooth_nddr
# Command line: vivado.exe -gui_launcher_event rodinguilauncherevent5324 C:\ECE532\ECE532_Group5\bluetooth_nddr\bluetooth.xpr
# Log file: C:/ECE532/ECE532_Group5/bluetooth_nddr/vivado.log
# Journal file: C:/ECE532/ECE532_Group5/bluetooth_nddr\vivado.jou
#-----------------------------------------------------------
start_gui
open_project C:/ECE532/ECE532_Group5/bluetooth_nddr/bluetooth.xpr
update_compile_order -fileset sources_1
launch_sdk -workspace C:/ECE532/ECE532_Group5/bluetooth_nddr/bluetooth.sdk -hwspec C:/ECE532/ECE532_Group5/bluetooth_nddr/bluetooth.sdk/design_1_wrapper.hdf
open_hw
connect_hw_server
open_hw_target
set_property PROGRAM.FILE {C:/ECE532/ECE532_Group5/bluetooth_nddr/bluetooth.runs/impl_1/design_1_wrapper.bit} [get_hw_devices xc7a100t_0]
current_hw_device [get_hw_devices xc7a100t_0]
refresh_hw_device -update_hw_probes false [lindex [get_hw_devices xc7a100t_0] 0]
set_property PROBES.FILE {} [get_hw_devices xc7a100t_0]
set_property FULL_PROBES.FILE {} [get_hw_devices xc7a100t_0]
set_property PROGRAM.FILE {C:/ECE532/ECE532_Group5/bluetooth_nddr/bluetooth.runs/impl_1/design_1_wrapper.bit} [get_hw_devices xc7a100t_0]
program_hw_devices [get_hw_devices xc7a100t_0]
refresh_hw_device [lindex [get_hw_devices xc7a100t_0] 0]
open_bd_design {C:/ECE532/ECE532_Group5/bluetooth_nddr/bluetooth.srcs/sources_1/bd/design_1/design_1.bd}
file mkdir C:/ECE532/ECE532_Group5/bluetooth_nddr/bluetooth.sdk
file copy -force C:/ECE532/ECE532_Group5/bluetooth_nddr/bluetooth.runs/impl_1/design_1_wrapper.sysdef C:/ECE532/ECE532_Group5/bluetooth_nddr/bluetooth.sdk/design_1_wrapper.hdf

launch_sdk -workspace C:/ECE532/ECE532_Group5/bluetooth_nddr/bluetooth.sdk -hwspec C:/ECE532/ECE532_Group5/bluetooth_nddr/bluetooth.sdk/design_1_wrapper.hdf
